// Jest Snapshot v1, https://goo.gl/fbAQLP

exports[`Footerz component renders a footer 1`] = `
<Fragment>
  <footer
    className="Footer"
  >
    <section
      className="stats"
    >
      <p>
        MAD LIBS FOR YO FACE
      </p>
    </section>
    <section
      className="acknowledgment"
    >
      <p>
        ❮❯ by 
        <a
          href="#"
        >
          Your Mom
        </a>
         20420
      </p>
    </section>
  </footer>
</Fragment>
`;
